2026-08-14 01:27:25,619 - INFO - Health check passed
2026-08-14 01:27:26,519 - INFO - Health check passed
2026-08-14 01:27:27,190 - INFO - Health check passed
2026-08-14 01:30:46,160 - INFO - Health check passed
2026-08-14 01:38:55,448 - CRITICAL - cannot unpack non-iterable NoneType object
2026-08-14 01:49:37,980 - CRITICAL - cannot unpack non-iterable OperationalError object
2026-08-14 01:56:30,654 - CRITICAL - connection to server at "localhost" (::1), port 5432 failed: FATAL:  password authentication failed for user "postgres"

2026-08-14 02:13:38,003 - INFO - The transacion with a id:1110 has been retrived
2026-08-14 02:14:08,018 - ERROR - The transaction id:111456 could not be found
2026-08-14 02:15:57,298 - WARNING - The transaction id:111456 could not be found
2026-08-14 02:23:43,308 - INFO - Transaction retrieved: rrn=000000001071
2026-08-14 02:24:23,139 - WARNING - Transaction not found: rrn=0000000010fdbv
2026-08-14 02:29:53,970 - INFO - Transactions retrieved: TerminalID:T004
2026-08-14 02:30:18,121 - WARNING - Terminal not found: TerminalID=T0045
2026-08-14 02:34:15,554 - INFO - Transactions retrieved: TerminalID=T004, count=133
2026-08-14 02:44:18,563 - INFO - Transaction completed: ID=1111
2026-08-14 02:44:50,721 - WARNING - PAN not found: PAN=42222*******2265
2026-08-14 02:45:13,704 - WARNING - Merchant not found: MERCHANTID=M1014
2026-08-14 02:45:35,262 - WARNING - Terminal not found: TERMINALID=T108
2026-08-14 02:46:02,358 - WARNING - Invalid currency: CURRENCY=inr
2026-08-14 03:02:14,787 - INFO - Transactions retrieved: TERMINALID=T008, COUNT=114
2026-08-14 03:04:25,126 - WARNING - Transaction failed: ID=1112, STAN=001074, RRN=000000001074, STATUS=Expired_Card
2026-08-14 03:05:59,636 - WARNING - PAN not found: PAN=43333******22222
2026-08-14 03:06:09,937 - WARNING - PAN not found: PAN=43333******222222
2026-08-14 03:06:31,017 - INFO - Transaction approved: ID=1113, STAN=001075, RRN=000000001075, RESPONSE=Approved
2026-08-14 03:06:50,996 - INFO - Transaction approved: ID=1114, STAN=001076, RRN=000000001076, RESPONSE=Approved
2026-08-14 03:06:54,878 - INFO - Transaction approved: ID=1115, STAN=001077, RRN=000000001077, RESPONSE=Approved
2026-08-14 03:06:57,258 - INFO - Transaction approved: ID=1116, STAN=001078, RRN=000000001078, RESPONSE=Approved
2026-08-14 03:07:00,324 - INFO - Transaction approved: ID=1117, STAN=001079, RRN=000000001079, RESPONSE=Approved
2026-08-14 03:07:02,998 - INFO - Transaction approved: ID=1118, STAN=001080, RRN=000000001080, RESPONSE=Approved
2026-08-14 03:07:07,577 - INFO - Transaction approved: ID=1119, STAN=001081, RRN=000000001081, RESPONSE=Approved
2026-08-14 03:07:17,759 - INFO - Transaction approved: ID=1120, STAN=001082, RRN=000000001082, RESPONSE=Approved
2026-08-14 03:07:21,424 - INFO - Transaction approved: ID=1121, STAN=001083, RRN=000000001083, RESPONSE=Approved
2026-08-14 03:07:26,118 - INFO - Transaction approved: ID=1122, STAN=001084, RRN=000000001084, RESPONSE=Approved
2026-08-14 03:07:28,924 - INFO - Transaction approved: ID=1123, STAN=001085, RRN=000000001085, RESPONSE=Approved
2026-08-14 03:07:32,916 - INFO - Transaction approved: ID=1124, STAN=001086, RRN=000000001086, RESPONSE=Approved
2026-08-14 03:07:34,980 - INFO - Transaction approved: ID=1125, STAN=001087, RRN=000000001087, RESPONSE=Approved
2026-08-14 03:07:37,156 - INFO - Transaction approved: ID=1126, STAN=001088, RRN=000000001088, RESPONSE=Approved
2026-08-14 03:07:39,468 - INFO - Transaction approved: ID=1127, STAN=001089, RRN=000000001089, RESPONSE=Approved
2026-08-14 03:07:41,721 - INFO - Transaction approved: ID=1128, STAN=001090, RRN=000000001090, RESPONSE=Approved
2026-08-14 03:07:44,033 - INFO - Transaction approved: ID=1129, STAN=001091, RRN=000000001091, RESPONSE=Approved
2026-08-14 03:07:46,105 - INFO - Transaction approved: ID=1130, STAN=001092, RRN=000000001092, RESPONSE=Approved
2026-08-14 03:07:48,194 - INFO - Transaction approved: ID=1131, STAN=001093, RRN=000000001093, RESPONSE=Approved
2026-08-14 03:07:50,314 - INFO - Transaction approved: ID=1132, STAN=001094, RRN=000000001094, RESPONSE=Approved
2026-08-14 03:07:52,580 - INFO - Transaction approved: ID=1133, STAN=001095, RRN=000000001095, RESPONSE=Approved
2026-08-14 03:07:54,912 - INFO - Transaction approved: ID=1134, STAN=001096, RRN=000000001096, RESPONSE=Approved
2026-08-14 03:07:57,133 - INFO - Transaction approved: ID=1135, STAN=001097, RRN=000000001097, RESPONSE=Approved
2026-08-14 03:08:00,507 - INFO - Transaction approved: ID=1136, STAN=001098, RRN=000000001098, RESPONSE=Approved
2026-08-14 03:08:02,621 - INFO - Transaction approved: ID=1137, STAN=001099, RRN=000000001099, RESPONSE=Approved
2026-08-14 03:08:04,422 - INFO - Transaction approved: ID=1138, STAN=001100, RRN=000000001100, RESPONSE=Approved
2026-08-14 03:08:06,706 - INFO - Transaction approved: ID=1139, STAN=001101, RRN=000000001101, RESPONSE=Approved
2026-08-14 03:08:08,835 - INFO - Transaction approved: ID=1140, STAN=001102, RRN=000000001102, RESPONSE=Approved
2026-08-14 03:08:10,882 - WARNING - Transaction failed: ID=1141, STAN=001103, RRN=000000001103, RESPONSE=Declined
2026-08-14 03:26:04,615 - INFO - Transaction approved: ID=1142, STAN=001104, RRN=000000001104, RESPONSE=Approved
2026-08-14 03:39:21,343 - INFO - Transaction retrieved: ID=3
2026-08-14 03:39:59,858 - INFO - Transaction retrieved: ID=3
2026-08-14 03:40:24,143 - WARNING - Transaction not found: ID=2
2026-08-14 03:41:09,859 - INFO - Transaction retrieved: RRN=000000001001
2026-08-14 03:41:37,021 - INFO - Transactions retrieved: TERMINALID=T004, COUNT=133
2026-08-14 03:42:43,134 - INFO - Transaction approved: ID=1143, STAN=001105, RRN=000000001105, RESPONSE=Approved
2026-08-14 03:49:00,169 - WARNING - Transaction not found: ID=2
2026-08-14 03:49:24,301 - WARNING - Transaction not found: RRN=00000000101J
2026-08-14 03:49:52,326 - WARNING - Terminal not found: TERMINALID=T015
2026-08-14 03:50:10,268 - WARNING - Transaction not found: RRN=00000000101J
